==================================================================================
=================---agent_pro_a.py---=================
=========================================
Running Scenario S1
=========================================
assignment_hist is at time  416.0
{1: 8, 4: 0, 5: 6, 9: 0, 12: 9, 17: 7}
{1: 8, 4: 0, 5: 6, 9: 0, 12: 9, 17: 7}
{1: 8, 4: 0, 5: 6, 9: 0, 17: 7}
{1: 8, 4: 0, 5: 6, 9: 0, 17: 7}
{1: 8, 4: 0, 5: 6, 9: 0, 17: 7}
{1: 8, 4: 0, 5: 6, 9: 0, 17: 7}
{1: 8, 4: 0, 5: 6, 9: 0, 17: 7}
{1: 8, 5: 6, 9: 0, 17: 7}
{1: 8, 5: 6, 9: 0, 17: 7}
{1: 8, 5: 6, 9: 0, 17: 7}
{1: 8, 5: 6, 9: 0, 17: 7}
{1: 8, 5: 6, 9: 0, 17: 7}
{1: 8, 5: 6, 9: 0, 17: 7}
{1: 8, 5: 6, 9: 0, 17: 7}
{1: 8, 5: 6, 9: 0, 17: 7}
{1: 8, 5: 6, 9: 0, 17: 7}
{1: 8, 5: 6, 9: 0, 17: 7}
{1: 8, 5: 6, 9: 0, 17: 7}
{1: 8, 5: 6, 9: 0, 17: 7}
{1: 8, 5: 6, 9: 0, 17: 7}
{1: 8, 5: 6, 9: 0, 17: 7}
{1: 8, 5: 6, 9: 0, 17: 7}
{1: 8, 5: 6, 9: 0, 17: 7}
{1: 8, 5: 6, 9: 0, 17: 7}
{1: 8, 5: 6, 9: 0, 17: 7}
{1: 8, 5: 6, 9: 0, 17: 7}
{1: 8, 5: 6, 9: 0, 17: 7}
{1: 8, 5: 6, 9: 0, 17: 7}
{1: 8, 5: 6, 9: 0, 17: 7}
{1: 8, 5: 6, 9: 0, 17: 7}
{1: 8, 5: 6, 9: 0, 17: 7}
{1: 8, 5: 6, 9: 0, 17: 7}
{1: 8, 5: 6, 9: 0, 17: 7}
{1: 8, 5: 6, 9: 0, 17: 7}
{1: 8, 5: 6, 9: 0, 17: 7}
{1: 8, 5: 6, 9: 0, 17: 7}
{1: 8, 9: 0, 17: 7}
{1: 8, 9: 0, 17: 7}
{1: 8, 9: 0, 17: 7}
{1: 8, 9: 0, 17: 7}
{1: 8, 9: 0, 17: 7}
{1: 8, 9: 0, 17: 7}
{1: 8, 9: 0, 17: 7}
{1: 8, 9: 0, 17: 7}
{1: 8, 9: 0, 17: 7}
{1: 8, 9: 0, 17: 7}
{1: 8, 9: 0, 17: 7}
{1: 8, 9: 0, 17: 7}
{9: 0, 17: 7}
{9: 0, 17: 7}
{9: 0, 17: 7}
{9: 0, 17: 7}
{9: 0, 17: 7}
{9: 0, 17: 7}
{9: 0, 17: 7}
{9: 0, 17: 7}
{9: 0}
{9: 0}
{9: 0}
{9: 0}
convergence penalty!!! at time = 900.0 convergence_sec value is =  416.0
{
  "scenario": "S1",
  "value_ratio": 1.0,
  "norm_distance": 0.0819,
  "norm_bytes": 0.0004,
  "score": 0.5335,
  "convergence_s": 416.0,
  "leader_election_s": null,
  "penalty": 0.05,
  "cap_tasks_done": 0,
  "cap_tasks_total": 0,
  "total_dist_m": 4422.0,
  "total_bytes": 32189
}
=========================================
Running Scenario S2
=========================================
assignment_hist is at time  140.0
{7: 6, 8: 3, 12: 4, 14: 6, 19: 9}
{7: 6, 8: 3, 12: 4, 14: 6, 19: 9}
{7: 6, 8: 3, 12: 4, 14: 6, 19: 9}
{7: 6, 8: 3, 12: 4, 14: 6, 19: 9}
{7: 6, 8: 3, 12: 4, 14: 6, 19: 9}
{7: 6, 8: 3, 12: 4, 14: 6, 19: 9}
{7: 6, 8: 3, 12: 4, 14: 6, 19: 9}
{7: 6, 8: 3, 12: 4, 14: 6, 19: 9}
{7: 6, 8: 3, 12: 4, 14: 6, 19: 9}
{7: 6, 8: 3, 12: 4, 14: 6, 19: 9}
{7: 6, 8: 3, 12: 4, 14: 6, 19: 9}
{7: 6, 8: 3, 12: 4, 14: 6, 19: 9}
{7: 6, 8: 3, 12: 4, 14: 6, 19: 9}
{7: 6, 8: 3, 12: 4, 14: 6, 19: 9}
{7: 6, 8: 3, 12: 4, 14: 6, 19: 9}
{7: 6, 8: 3, 12: 4, 14: 6, 19: 9}
{7: 6, 8: 3, 12: 4, 14: 6, 19: 9}
{7: 6, 8: 3, 12: 4, 14: 6, 19: 9}
{7: 6, 8: 3, 12: 4, 14: 6, 19: 9}
{7: 6, 8: 3, 12: 4, 19: 9}
{7: 6, 8: 3, 12: 4, 19: 9}
{7: 6, 8: 3, 12: 4, 19: 9}
{7: 6, 8: 3, 12: 4, 19: 9}
{7: 6, 8: 3, 12: 4, 19: 9}
{7: 6, 8: 3, 12: 4, 19: 9}
{7: 6, 8: 3, 12: 4, 19: 9}
{7: 6, 8: 3, 12: 4, 19: 9}
{7: 6, 8: 3, 12: 4, 19: 9}
{7: 6, 8: 3, 12: 4, 19: 9}
{7: 6, 8: 3, 12: 4, 19: 9}
{7: 6, 8: 3, 12: 4, 19: 9}
{7: 6, 8: 3, 12: 4, 19: 9}
{7: 6, 8: 3, 12: 4, 19: 9}
{7: 6, 8: 3, 12: 4, 19: 9}
{7: 6, 8: 3, 12: 4, 19: 9}
{7: 6, 8: 3, 12: 4, 19: 9}
{7: 6, 8: 3, 12: 4, 19: 9}
{7: 6, 8: 3, 12: 4, 19: 9}
{7: 6, 8: 3, 12: 4, 19: 9}
{7: 6, 8: 3, 12: 4, 19: 9}
{7: 6, 8: 3, 12: 4, 19: 9}
{7: 6, 8: 3, 12: 4, 19: 9}
{7: 6, 8: 3, 12: 4, 19: 9}
{7: 6, 8: 3, 12: 4, 19: 9}
{7: 6, 8: 3, 12: 4, 19: 9}
{7: 6, 8: 3, 12: 4, 19: 9}
{7: 6, 8: 3, 12: 4, 19: 9}
{7: 6, 8: 3, 12: 4, 19: 9}
{7: 6, 8: 3, 12: 4, 19: 9}
{7: 6, 8: 3, 12: 4, 19: 9}
{7: 6, 8: 3, 12: 4, 19: 9}
{7: 6, 8: 3, 12: 4, 19: 9}
{7: 6, 8: 3, 12: 4, 19: 9}
{8: 3, 12: 4, 19: 9}
{8: 3, 12: 4, 19: 9}
{8: 3, 12: 4, 19: 9}
{8: 3, 12: 4, 19: 9}
{8: 3, 12: 4, 19: 9}
{8: 3, 12: 4, 19: 9}
{8: 3, 12: 4, 19: 9}
convergence penalty!!! at time = 900.0 convergence_sec value is =  140.0
{
  "scenario": "S2",
  "value_ratio": 1.0,
  "norm_distance": 0.1008,
  "norm_bytes": 0.001,
  "score": 0.5296,
  "convergence_s": 140.0,
  "leader_election_s": null,
  "penalty": 0.05,
  "cap_tasks_done": 0,
  "cap_tasks_total": 0,
  "total_dist_m": 5442.0,
  "total_bytes": 37053
}
=========================================
Running Scenario S3
=========================================
assignment_hist is at time  428.0
{7: 1, 9: 5, 10: 8, 11: 1, 14: 8, 16: 8, 20: 9, 24: 8}
{7: 1, 9: 5, 10: 8, 11: 1, 14: 8, 16: 8, 20: 9, 24: 8}
{7: 1, 9: 5, 10: 8, 11: 1, 14: 8, 16: 8, 20: 9, 24: 8}
{7: 1, 9: 5, 10: 8, 11: 1, 14: 8, 16: 8, 20: 9, 24: 8}
{7: 1, 9: 5, 10: 8, 11: 1, 14: 8, 16: 8, 20: 9, 24: 8}
{7: 1, 9: 5, 10: 8, 11: 1, 14: 8, 16: 8, 20: 9, 24: 8}
{7: 1, 9: 5, 10: 8, 11: 1, 14: 8, 16: 8, 20: 9, 24: 8}
{7: 1, 9: 5, 10: 8, 11: 1, 14: 8, 16: 8, 20: 9, 24: 8}
{7: 1, 9: 5, 10: 8, 11: 1, 14: 8, 16: 8, 20: 9, 24: 8}
{7: 1, 9: 5, 10: 8, 11: 1, 14: 8, 16: 8, 20: 9, 24: 8}
{7: 1, 9: 5, 10: 8, 11: 1, 14: 8, 16: 8, 20: 9, 24: 8}
{7: 1, 9: 5, 10: 8, 11: 1, 14: 8, 16: 8, 20: 9, 24: 8}
{7: 1, 9: 5, 10: 8, 11: 1, 14: 8, 16: 8, 20: 9, 24: 8}
{7: 1, 10: 8, 11: 1, 14: 8, 16: 8, 20: 9, 24: 8}
{7: 1, 10: 8, 11: 1, 14: 8, 16: 8, 20: 9, 24: 8}
{7: 2, 10: 8, 11: 1, 14: 8, 16: 8, 20: 9, 24: 8}
{7: 2, 10: 8, 11: 1, 14: 8, 16: 8, 20: 9, 24: 8}
{7: 2, 10: 8, 11: 1, 14: 8, 16: 8, 20: 9, 24: 8}
{7: 2, 10: 8, 11: 1, 14: 8, 16: 8, 20: 9, 24: 8}
{7: 2, 10: 8, 11: 1, 14: 8, 16: 8, 20: 9, 24: 8}
{7: 2, 10: 8, 11: 1, 14: 8, 16: 8, 20: 9, 24: 8}
{7: 2, 10: 8, 11: 1, 14: 8, 16: 8, 20: 9, 24: 8}
{7: 2, 10: 8, 11: 1, 14: 8, 16: 8, 20: 9, 24: 8}
{7: 2, 10: 8, 11: 1, 14: 8, 16: 8, 20: 9, 24: 8}
{7: 2, 10: 8, 11: 1, 14: 8, 16: 8, 20: 9, 24: 8}
{7: 2, 10: 8, 11: 1, 14: 8, 16: 8, 20: 9, 24: 8}
{7: 2, 10: 8, 11: 1, 14: 8, 16: 8, 20: 9, 24: 8}
{7: 2, 10: 8, 11: 1, 14: 8, 16: 8, 20: 9, 24: 8}
{7: 2, 10: 8, 11: 1, 14: 8, 16: 8, 20: 9, 24: 8}
{7: 2, 10: 8, 11: 1, 14: 8, 16: 8, 20: 9, 24: 8}
{7: 2, 10: 8, 11: 1, 14: 8, 16: 8, 20: 9, 24: 8}
{7: 2, 10: 8, 11: 1, 14: 8, 16: 8, 20: 9, 24: 8}
{7: 2, 10: 8, 11: 1, 14: 8, 16: 8, 20: 9, 24: 8}
{7: 2, 10: 8, 11: 1, 14: 8, 16: 8, 20: 9, 24: 8}
{7: 2, 10: 8, 11: 1, 14: 8, 16: 8, 20: 9, 24: 8}
{7: 2, 10: 8, 11: 1, 14: 8, 16: 8, 20: 9, 24: 8}
{7: 2, 10: 8, 11: 1, 14: 8, 16: 8, 20: 9, 24: 8}
{7: 2, 10: 8, 11: 1, 14: 8, 16: 8, 20: 9, 24: 8}
{7: 2, 10: 8, 11: 1, 14: 8, 16: 8, 20: 9, 24: 8}
{7: 2, 10: 8, 11: 1, 14: 8, 16: 8, 20: 9, 24: 8}
{7: 2, 10: 8, 11: 1, 14: 8, 16: 8, 20: 9, 24: 8}
{7: 2, 10: 8, 11: 1, 14: 8, 16: 8, 20: 9, 24: 8}
{7: 2, 10: 8, 11: 1, 14: 8, 16: 8, 20: 9, 24: 8}
{7: 2, 10: 8, 11: 1, 14: 8, 16: 8, 20: 9, 24: 8}
{7: 2, 10: 8, 11: 1, 14: 8, 16: 8, 20: 9, 24: 8}
{7: 2, 10: 8, 11: 1, 14: 8, 16: 8, 20: 9, 24: 8}
{7: 2, 10: 8, 14: 8, 16: 8, 24: 8}
{7: 2, 10: 8, 14: 8, 16: 8, 24: 8}
{7: 2, 10: 8, 14: 8, 16: 8, 24: 8}
{7: 2, 10: 8, 14: 8, 16: 8, 24: 8}
{7: 2, 10: 8, 14: 8, 16: 8, 24: 8}
{7: 2, 10: 8, 14: 8, 16: 8, 24: 8}
{7: 2, 10: 8, 14: 8, 16: 8, 24: 8}
{7: 2, 10: 8, 14: 8, 16: 8, 24: 8}
{7: 2, 10: 8, 14: 8, 16: 8, 24: 8}
{10: 8, 14: 8, 16: 8, 24: 8}
{10: 8, 14: 8, 16: 8, 24: 8}
{10: 8, 14: 8, 16: 8, 24: 8}
{10: 8, 14: 8, 16: 8, 24: 8}
{10: 8, 14: 8, 16: 8, 24: 8}
convergence penalty!!! at time = 900.0 convergence_sec value is =  428.0
{
  "scenario": "S3",
  "value_ratio": 0.9545,
  "norm_distance": 0.1704,
  "norm_bytes": 0.0023,
  "score": 0.4882,
  "convergence_s": 428.0,
  "leader_election_s": null,
  "penalty": 0.05,
  "cap_tasks_done": 0,
  "cap_tasks_total": 0,
  "total_dist_m": 7670.0,
  "total_bytes": 40571
}
=========================================
Running Scenario S4
=========================================
convergence penalty!!! at time = 900.0 convergence_sec value is =  None
{
  "scenario": "S4",
  "value_ratio": 1.0,
  "norm_distance": 0.0942,
  "norm_bytes": 0.0002,
  "score": 0.5311,
  "convergence_s": null,
  "leader_election_s": null,
  "penalty": 0.05,
  "cap_tasks_done": 0,
  "cap_tasks_total": 0,
  "total_dist_m": 5936.0,
  "total_bytes": 28817
}
=========================================
Running Scenario S5
=========================================
assignment_hist is at time  293.0
{5: 0, 6: 9, 8: 1, 10: 2, 18: 8}
{5: 0, 6: 9, 8: 1, 10: 2, 18: 8}
{5: 0, 6: 9, 8: 1, 10: 2, 18: 8}
{5: 0, 6: 9, 8: 1, 10: 2, 18: 8}
{5: 0, 6: 9, 8: 1, 10: 2, 18: 8}
{5: 0, 6: 9, 8: 1, 10: 2, 18: 8}
{5: 0, 6: 9, 8: 1, 10: 2, 18: 8}
{5: 0, 6: 9, 8: 1, 10: 2, 18: 8}
{5: 0, 6: 9, 8: 1, 10: 2, 18: 8}
{5: 0, 6: 9, 8: 1, 10: 2, 18: 8}
{5: 0, 6: 9, 8: 1, 10: 2, 18: 8}
{5: 0, 6: 9, 8: 1, 10: 2, 18: 8}
{5: 0, 6: 9, 8: 1, 10: 2, 18: 8}
{5: 0, 6: 9, 8: 1, 10: 2, 18: 8}
{5: 0, 6: 9, 8: 1, 10: 2, 18: 8}
{5: 0, 6: 9, 8: 1, 10: 2, 18: 8}
{5: 0, 6: 9, 8: 1, 10: 2, 18: 8}
{5: 0, 6: 9, 8: 1, 10: 2, 18: 8}
{5: 0, 6: 9, 8: 1, 10: 2, 18: 8}
{5: 0, 6: 9, 8: 1, 10: 2, 18: 8}
{5: 0, 6: 9, 8: 1, 10: 2, 18: 8}
{5: 0, 6: 9, 8: 1, 10: 2, 18: 8}
{5: 0, 6: 9, 8: 1, 10: 2, 18: 8}
{5: 0, 6: 9, 8: 1, 10: 2, 18: 8}
{5: 0, 6: 9, 8: 1, 10: 2, 18: 8}
{5: 0, 6: 9, 8: 1, 10: 2, 18: 8}
{5: 0, 6: 9, 8: 1, 10: 2, 18: 8}
{5: 0, 6: 9, 8: 1, 10: 2, 18: 8}
{5: 0, 6: 9, 8: 1, 10: 2, 18: 8}
{5: 0, 6: 9, 8: 1, 10: 2, 18: 8}
{5: 0, 6: 9, 8: 1, 10: 2, 18: 8}
{5: 0, 6: 9, 8: 1, 10: 2, 18: 8}
{5: 0, 6: 9, 8: 1, 10: 2, 18: 8}
{5: 0, 6: 9, 8: 1, 10: 2, 18: 8}
{5: 0, 6: 9, 8: 1, 10: 2, 18: 8}
{6: 9, 8: 1, 10: 2, 18: 8}
{6: 9, 8: 1, 10: 2, 18: 8}
{6: 9, 8: 1, 10: 2, 18: 8}
{6: 9, 8: 1, 10: 2, 18: 8}
{6: 9, 8: 1, 10: 2, 18: 8}
{6: 9, 8: 1, 10: 2, 18: 8}
{6: 9, 8: 1, 10: 2, 18: 8}
{6: 9, 8: 1, 10: 2, 18: 8}
{6: 9, 8: 1, 10: 2, 18: 8}
{6: 9, 8: 1, 10: 2, 18: 8}
{6: 9, 8: 1, 10: 2}
{6: 9, 8: 1, 10: 2}
{6: 9, 8: 1, 10: 2}
{6: 9, 8: 1, 10: 2}
{6: 9, 8: 1, 10: 2}
{6: 9, 8: 1, 10: 2}
{6: 9, 8: 1, 10: 2}
{6: 9, 8: 1, 10: 2}
{6: 9, 8: 1, 10: 2}
{6: 9, 8: 1, 10: 2}
{6: 9, 8: 1, 10: 2}
{6: 9, 8: 1, 10: 2}
{6: 9, 8: 1, 10: 2}
{6: 9, 8: 1, 10: 2}
{6: 9, 8: 1}
convergence penalty!!! at time = 900.0 convergence_sec value is =  293.0
{
  "scenario": "S5",
  "value_ratio": 1.0,
  "norm_distance": 0.1769,
  "norm_bytes": 0.0006,
  "score": 0.5145,
  "convergence_s": 293.0,
  "leader_election_s": null,
  "penalty": 0.05,
  "cap_tasks_done": 0,
  "cap_tasks_total": 0,
  "total_dist_m": 9552.0,
  "total_bytes": 42070
}
=========================================
Running Scenario S6
=========================================
Failure injected at time= 300.0
assignment_hist is at time  416.0
{6: 4, 9: 7, 17: 3, 21: 2}
{6: 4, 9: 7, 17: 3, 21: 2}
{6: 4, 9: 7, 17: 3, 21: 2}
{6: 4, 9: 7, 17: 3, 21: 2}
{6: 4, 9: 7, 17: 3, 21: 2}
{6: 4, 9: 7, 17: 3}
{6: 4, 9: 7, 17: 3}
{6: 4, 9: 7, 17: 3}
{6: 4, 9: 7, 17: 3}
{6: 4, 9: 7, 17: 3}
{6: 4, 9: 7, 17: 3}
{6: 4, 9: 7, 17: 3}
{6: 4, 9: 7, 17: 3}
{6: 4, 17: 3}
{6: 4, 17: 3}
{6: 4, 17: 3}
{6: 4, 17: 3}
{6: 4, 17: 3}
{17: 3}
{17: 3}
{17: 3}
{17: 3}
{17: 3}
{17: 3}
{17: 3}
{17: 3}
{17: 3}
{17: 3}
{17: 3}
{17: 3}
{17: 3}
{17: 3}
{17: 3}
{17: 3}
{17: 3}
{17: 3}
{17: 3}
{17: 3}
{17: 3}
{17: 3}
{17: 3}
{17: 3}
{17: 3}
{17: 3}
{17: 3}
{17: 3}
{17: 3}
{17: 3}
{17: 3}
{17: 3}
{17: 3}
{17: 3}
{17: 3}
{17: 3}
{17: 3}
{17: 3}
{17: 3}
{17: 3}
{17: 3}
{17: 3}
convergence penalty!!! at time = 900.0 convergence_sec value is =  416.0
{
  "scenario": "S6",
  "value_ratio": 1.0,
  "norm_distance": 0.1242,
  "norm_bytes": 0.0004,
  "score": 0.5251,
  "convergence_s": 416.0,
  "leader_election_s": 1.0,
  "penalty": 0.05,
  "cap_tasks_done": 0,
  "cap_tasks_total": 0,
  "total_dist_m": 6708.0,
  "total_bytes": 30991
}
=========================================
Running Scenario S7
=========================================
assignment_hist is at time  741.0
{1: 1, 8: 4, 23: 9}
{1: 1, 8: 4, 23: 9}
{1: 1, 8: 4, 23: 9}
{1: 1, 8: 4, 23: 9}
{1: 1, 8: 4, 23: 9}
{1: 1, 8: 4, 23: 9}
{1: 1, 8: 4, 23: 9}
{1: 1, 8: 4, 23: 9}
{1: 1, 8: 4, 23: 9}
{1: 1, 8: 4, 23: 9}
{1: 1, 8: 4, 23: 9}
{1: 1, 8: 4, 23: 9}
{1: 1, 8: 4, 23: 9}
{1: 1, 8: 4, 23: 9}
{1: 1, 8: 4, 23: 9}
{1: 1, 8: 4, 23: 9}
{1: 1, 8: 4, 23: 9}
{1: 1, 8: 4, 23: 9}
{1: 1, 8: 4, 23: 9}
{1: 1, 8: 4, 23: 9}
{1: 1, 8: 4, 23: 9}
{1: 1, 8: 4, 23: 9}
{1: 1, 8: 4, 23: 9}
{1: 1, 8: 4, 23: 9}
{1: 1, 8: 4, 23: 9}
{1: 1, 8: 4, 23: 9}
{1: 1, 8: 4, 23: 9}
{1: 1, 8: 4, 23: 9}
{1: 1, 8: 4, 23: 9}
{1: 1, 8: 4, 23: 9}
{1: 1, 8: 4, 23: 9}
{1: 1, 8: 4, 23: 9}
{1: 1, 8: 4, 23: 9}
{1: 1, 8: 4, 23: 9}
{1: 1, 8: 4, 23: 9}
{1: 1, 8: 4, 23: 9}
{1: 1, 8: 4, 23: 9}
{1: 1, 8: 4, 23: 9}
{1: 1, 8: 4, 23: 9}
{1: 1, 8: 4, 23: 9}
{1: 1, 8: 4, 23: 9}
{1: 1, 8: 4, 23: 9}
{1: 1, 8: 4, 23: 9}
{1: 1, 8: 4, 23: 9}
{1: 1, 8: 4, 23: 9}
{1: 1, 8: 4, 23: 9}
{1: 1, 8: 4, 23: 9}
{1: 1, 8: 4, 23: 9}
{1: 1, 8: 4, 23: 9}
{1: 1, 8: 4, 23: 9}
{1: 1, 8: 4, 23: 9}
{1: 1, 8: 4, 23: 9}
{1: 1, 8: 4, 23: 9}
{1: 1, 8: 4, 23: 9}
{1: 1, 8: 4, 23: 9}
{1: 1, 8: 4, 23: 9}
{1: 1, 8: 4, 23: 9}
{1: 1, 8: 4, 23: 9}
{1: 1, 8: 4, 23: 9}
{1: 1, 8: 4, 23: 9}
convergence penalty!!! at time = 900.0 convergence_sec value is =  741.0
{
  "scenario": "S7",
  "value_ratio": 0.8116,
  "norm_distance": 0.4966,
  "norm_bytes": 0.0005,
  "score": 0.3375,
  "convergence_s": 741.0,
  "leader_election_s": null,
  "penalty": 0.05,
  "cap_tasks_done": 9,
  "cap_tasks_total": 14,
  "total_dist_m": 26814.0,
  "total_bytes": 34371
}

All scenarios completed.
